Shape: square ID: QoMNUck
x: 750 y: 800
n: 0 r: 0
w: 0 h: 0
b: 0 s: 75
x1: 0 y1: 0
x2: 0 y2: 0
stroke: 0.0 0.3 0.5 thickness: 5
fill: 0.9 0.9 0.2
Shape: square ID: QoMNUck
x: 750 y: 800
n: 0 r: 0
w: 0 h: 0
b: 0 s: 75
x1: 0 y1: 0
x2: 0 y2: 0
stroke: 0.0 0.3 0.5 thickness: 5
fill: 0.9 0.9 0.2