Shape: ellipse ID: QoMNUck
x: 1050 y: 500
n: 0 r: 0
w: 100 h: 200
b: 0 s: 0
x1: 0 y1: 0
x2: 0 y2: 0
stroke: 0.0 0.3 0.5 thickness: 5
fill: 0.8 0.5 0.5
Shape: ellipse ID: QoMNUck
x: 1050 y: 500
n: 0 r: 0
w: 100 h: 200
b: 0 s: 0
x1: 0 y1: 0
x2: 0 y2: 0
stroke: 0.0 0.3 0.5 thickness: 5
fill: 0.8 0.5 0.5
