Shape: regagon ID: QoMNUck
x: 750 y: 400
n: 10 r: 100
w: 0 h: 0
b: 0 s: 0
x1: 0 y1: -2147483648
x2: 0 y2: 0
stroke: 0.0 0.3 0.5 thickness: 5
fill: 0.2 0.2 0.2
Shape: regagon ID: QoMNUck
x: 750 y: 400
n: 10 r: 100
w: 0 h: 0
b: 0 s: 0
x1: 0 y1: -2147483648
x2: 0 y2: 0
stroke: 0.0 0.3 0.5 thickness: 5
fill: 0.2 0.2 0.2