Shape: rectangle ID: QoMNUck
x: 750 y: 200
n: 0 r: 0
w: 200 h: 100
b: 0 s: 0
x1: 0 y1: 0
x2: 0 y2: 0
stroke: 0.0 0.3 0.5 thickness: 5
fill: 1.0 0.9 0.6
Shape: rectangle ID: QoMNUck
x: 750 y: 200
n: 0 r: 0
w: 200 h: 100
b: 0 s: 0
x1: 0 y1: 0
x2: 0 y2: 0
stroke: 0.0 0.3 0.5 thickness: 5
fill: 1.0 0.9 0.6